// Jest Snapshot v1, https://goo.gl/fbAQLP

exports[`NotFoundPage renders correctly 1`] = `
<div
  className="main-wrapper"
>
  <div
    className="container px-3 px-lg-5"
  >
    <article
      className="resume-wrapper mx-auto theme-bg-light p-5 mb-5 my-5 shadow-lg"
    >
      <h1>
        404: Not Found
      </h1>
      <p>
        You just hit a route that doesn't exist... the sadness.
      </p>
    </article>
  </div>
  <footer
    className="footer text-center py-4"
  >
    <small
      className="copyright text-muted"
    >
      Designed with 
      <i
        className="fas fa-heart"
      />
       by
       
      <a
        className="theme-link"
        href="http://themes.3rdwavemedia.com"
        rel="noreferrer"
        target="_blank"
      >
        Xiaoying Riley
      </a>
       
      for developers
    </small>
  </footer>
</div>
`;
