// Jest Snapshot v1, https://goo.gl/fbAQLP

exports[`Educations renders correctly 1`] = `
<section
  className="education-section py-3"
>
  <h3
    className="text-uppercase resume-section-heading mb-4"
  >
    Education
  </h3>
  <ul
    className="list-unstyled resume-education-list"
  >
    <li
      className="mb-3"
    >
      <div
        className="resume-degree font-weight-bold"
      >
        Degree
      </div>
      <div
        className="resume-degree-org text-muted"
      >
        Institution
      </div>
      <div
        className="resume-degree-time text-muted"
      >
        2020
         - 
        2030
      </div>
    </li>
  </ul>
</section>
`;
