// Jest Snapshot v1, https://goo.gl/fbAQLP

exports[`Educations renders correctly 1`] = `
<section
  className="skills-section py-3"
>
  <h3
    className="text-uppercase resume-section-heading mb-4"
  >
    Interests
  </h3>
  <ul
    className="list-unstyled resume-interests-list mb-0"
  >
    <li
      className="mb-2"
    >
      Hobby
    </li>
    <li
      className="mb-2"
    >
      Another Hobby
    </li>
  </ul>
</section>
`;
