// Jest Snapshot v1, https://goo.gl/fbAQLP

exports[`Languages renders correctly 1`] = `
<section
  className="skills-section py-3"
>
  <h3
    className="text-uppercase resume-section-heading mb-4"
  >
    Languages
  </h3>
  <ul
    className="list-unstyled resume-lang-list"
  >
    <li
      className="mb-2"
    >
      English
       
      <span
        className="text-muted"
      >
        (
        Native
        )
      </span>
    </li>
  </ul>
</section>
`;
